// Jest Snapshot v1, https://goo.gl/fbAQLP

exports[`list components list snapshot 1`] = `
Object {
  "asFragment": [Function],
  "baseElement": <body>
    <div>
      <div
        class="HotelCard"
      >
        <div
          class="hotelCard__img"
        >
          <img
            alt=""
            src="https://img4.farvater.travel/mapkey/109691/0?size=catalog"
          />
        </div>
        <div
          class="hotelCard__info"
        >
          <div
            class="hotelCard__price"
          >
            <a
              href="/countries/eg/desert-view-sharm?q=74m5707037035017660892c25"
            >
              Desert View Sharm
            </a>
            <span>
                 $
              410
            </span>
            /
            <span>
              12111
              грн
            </span>
          </div>
          <ul>
            <li>
              Включно з перельотом (
              Львов
              )
            </li>
            <li>
              Виліт на відпочинок 
              
              26
              .
              01
              <span>
                 о 
                06:05
                ,
                 
                Приліт 
                10:20
                , тривалість польоту 
                4:15
              </span>
            </li>
            <li>
              Виліт додому 
              
              21.07
              <span>
                 о 
                11:20
                ,
                 
                Приліт 
                15:40
                , тривалість польоту 
                4:20
              </span>
            </li>
            <li>
              На 
              7
               ночей
            </li>
            <li>
              Ціна за 
              3
               туриста
            </li>
            <li>
              Standard Room
            </li>
            <li>
              Все включено (AI)
            </li>
          </ul>
        </div>
      </div>
    </div>
  </body>,
  "container": <div>
    <div
      class="HotelCard"
    >
      <div
        class="hotelCard__img"
      >
        <img
          alt=""
          src="https://img4.farvater.travel/mapkey/109691/0?size=catalog"
        />
      </div>
      <div
        class="hotelCard__info"
      >
        <div
          class="hotelCard__price"
        >
          <a
            href="/countries/eg/desert-view-sharm?q=74m5707037035017660892c25"
          >
            Desert View Sharm
          </a>
          <span>
               $
            410
          </span>
          /
          <span>
            12111
            грн
          </span>
        </div>
        <ul>
          <li>
            Включно з перельотом (
            Львов
            )
          </li>
          <li>
            Виліт на відпочинок 
            
            26
            .
            01
            <span>
               о 
              06:05
              ,
               
              Приліт 
              10:20
              , тривалість польоту 
              4:15
            </span>
          </li>
          <li>
            Виліт додому 
            
            21.07
            <span>
               о 
              11:20
              ,
               
              Приліт 
              15:40
              , тривалість польоту 
              4:20
            </span>
          </li>
          <li>
            На 
            7
             ночей
          </li>
          <li>
            Ціна за 
            3
             туриста
          </li>
          <li>
            Standard Room
          </li>
          <li>
            Все включено (AI)
          </li>
        </ul>
      </div>
    </div>
  </div>,
  "debug": [Function],
  "findAllByAltText": [Function],
  "findAllByDisplayValue": [Function],
  "findAllByLabelText": [Function],
  "findAllByPlaceholderText": [Function],
  "findAllByRole": [Function],
  "findAllByTestId": [Function],
  "findAllByText": [Function],
  "findAllByTitle": [Function],
  "findByAltText": [Function],
  "findByDisplayValue": [Function],
  "findByLabelText": [Function],
  "findByPlaceholderText": [Function],
  "findByRole": [Function],
  "findByTestId": [Function],
  "findByText": [Function],
  "findByTitle": [Function],
  "getAllByAltText": [Function],
  "getAllByDisplayValue": [Function],
  "getAllByLabelText": [Function],
  "getAllByPlaceholderText": [Function],
  "getAllByRole": [Function],
  "getAllByTestId": [Function],
  "getAllByText": [Function],
  "getAllByTitle": [Function],
  "getByAltText": [Function],
  "getByDisplayValue": [Function],
  "getByLabelText": [Function],
  "getByPlaceholderText": [Function],
  "getByRole": [Function],
  "getByTestId": [Function],
  "getByText": [Function],
  "getByTitle": [Function],
  "queryAllByAltText": [Function],
  "queryAllByDisplayValue": [Function],
  "queryAllByLabelText": [Function],
  "queryAllByPlaceholderText": [Function],
  "queryAllByRole": [Function],
  "queryAllByTestId": [Function],
  "queryAllByText": [Function],
  "queryAllByTitle": [Function],
  "queryByAltText": [Function],
  "queryByDisplayValue": [Function],
  "queryByLabelText": [Function],
  "queryByPlaceholderText": [Function],
  "queryByRole": [Function],
  "queryByTestId": [Function],
  "queryByText": [Function],
  "queryByTitle": [Function],
  "rerender": [Function],
  "unmount": [Function],
}
`;
